// Jest Snapshot v1, https://goo.gl/fbAQLP

exports[`Header test should to match snapshot 1`] = `
<DocumentFragment>
  <div
    class="sticky top-0 z-20 m-4 flex justify-between gap-1 rounded-lg bg-white p-4 shadow-sm"
  >
    <h2
      class="text-xl font-bold"
      data-testid="dashboard"
    >
      test
    </h2>
    <h2
      class="hidden md:block"
    >
      Hello Mehmethan
    </h2>
    <div
      class="md:hidden"
    >
      <svg
        class="h-6 w-6"
        fill="none"
        stroke="currentColor"
        stroke-width="1.5"
        viewBox="0 0 24 24"
        xmlns="http://www.w3.org/2000/svg"
      >
        <path
          d="M3.75 6.75h16.5M3.75 12h16.5m-16.5 5.25h16.5"
          stroke-linecap="round"
          stroke-linejoin="round"
        />
      </svg>
    </div>
  </div>
</DocumentFragment>
`;
